Building image im-lxTnvhq2ULoSUyO2k6ticc

=> Step 0: FROM base

=> Step 1: RUN python -m pip install 'cryptography>=43' 'fastapi>=0.115' 'httpx>=0.27' 'numpy>=2.0' 'opencv-python-headless>=4.10' 'typer>=0.12' tzdata 'uvicorn[standard]>=0.30'
Looking in indexes: http://pypi-mirror.modal.local:5555/simple
Collecting cryptography>=43
  Downloading http://pypi-mirror.modal.local:5555/simple/cryptography/cryptography-50.0.1-cp311-abi3-manylinux_2_34_x86_64.whl.metadata (4.3 kB)
Collecting fastapi>=0.115
  Downloading http://pypi-mirror.modal.local:5555/simple/fastapi/fastapi-0.141.1-py3-none-any.whl.metadata (27 kB)
Collecting httpx>=0.27
  Downloading http://pypi-mirror.modal.local:5555/simple/httpx/httpx-0.28.1-py3-none-any.whl.metadata (7.1 kB)
Collecting numpy>=2.0
  Downloading http://pypi-mirror.modal.local:5555/simple/numpy/numpy-2.5.3-cp313-cp313-manylinux_2_27_x86_64.manylinux_2_28_x86_64.whl.metadata (6.6 kB)
Collecting opencv-python-headless>=4.10
  Downloading http://pypi-mirror.modal.local:5555/simple/opencv-python-headless/opencv_python_headless-5.0.0.93-cp37-abi3-manylinux_2_28_x86_64.whl.metadata (19 kB)
Collecting typer>=0.12
  Downloading http://pypi-mirror.modal.local:5555/simple/typer/typer-0.27.2-py3-none-any.whl.metadata (16 kB)
Collecting tzdata
  Downloading http://pypi-mirror.modal.local:5555/simple/tzdata/tzdata-2026.3-py2.py3-none-any.whl.metadata (1.4 kB)
Collecting uvicorn>=0.30 (from uvicorn[standard]>=0.30)
  Downloading http://pypi-mirror.modal.local:5555/simple/uvicorn/uvicorn-0.52.4-py3-none-any.whl.metadata (6.6 kB)
Collecting cffi>=2.0.0 (from cryptography>=43)
  Downloading http://pypi-mirror.modal.local:5555/simple/cffi/cffi-2.1.1-cp313-cp313-manylinux2014_x86_64.manylinux_2_17_x86_64.whl.metadata (2.5 kB)
Collecting starlette>=0.46.0 (from fastapi>=0.115)
  Downloading http://pypi-mirror.modal.local:5555/simple/starlette/starlette-1.6.0-py3-none-any.whl.metadata (6.4 kB)
Collecting pydantic>=2.9.0 (from fastapi>=0.115)
  Downloading http://pypi-mirror.modal.local:5555/simple/pydantic/pydantic-2.13.5-py3-none-any.whl.metadata (110 kB)
Collecting typing-extensions>=4.8.0 (from fastapi>=0.115)
  Downloading http://pypi-mirror.modal.local:5555/simple/typing-extensions/typing_extensions-4.16.0-py3-none-any.whl.metadata (3.3 kB)
Collecting typing-inspection>=0.4.2 (from fastapi>=0.115)
  Downloading http://pypi-mirror.modal.local:5555/simple/typing-inspection/typing_inspection-0.4.4-py3-none-any.whl.metadata (2.6 kB)
Collecting annotated-doc>=0.0.2 (from fastapi>=0.115)
  Downloading http://pypi-mirror.modal.local:5555/simple/annotated-doc/annotated_doc-0.0.5-py3-none-any.whl.metadata (6.5 kB)
Collecting anyio (from httpx>=0.27)
  Downloading http://pypi-mirror.modal.local:5555/simple/anyio/anyio-4.15.1-py3-none-any.whl.metadata (4.7 kB)
Collecting certifi (from httpx>=0.27)
  Downloading http://pypi-mirror.modal.local:5555/simple/certifi/certifi-2026.7.22-py3-none-any.whl.metadata (2.5 kB)
Collecting httpcore==1.* (from httpx>=0.27)
  Downloading http://pypi-mirror.modal.local:5555/simple/httpcore/httpcore-1.0.9-py3-none-any.whl.metadata (21 kB)
Collecting idna (from httpx>=0.27)
  Downloading http://pypi-mirror.modal.local:5555/simple/idna/idna-3.19-py3-none-any.whl.metadata (9.2 kB)
Collecting h11>=0.16 (from httpcore==1.*->httpx>=0.27)
  Downloading http://pypi-mirror.modal.local:5555/simple/h11/h11-0.16.0-py3-none-any.whl.metadata (8.3 kB)
Collecting shellingham>=1.3.0 (from typer>=0.12)
  Downloading http://pypi-mirror.modal.local:5555/simple/shellingham/shellingham-1.5.4-py2.py3-none-any.whl.metadata (3.5 kB)
Collecting rich>=13.8.0 (from typer>=0.12)
  Downloading http://pypi-mirror.modal.local:5555/simple/rich/rich-15.0.0-py3-none-any.whl.metadata (18 kB)
Collecting click>=7.0 (from uvicorn>=0.30->uvicorn[standard]>=0.30)
  Downloading http://pypi-mirror.modal.local:5555/simple/click/click-8.5.0-py3-none-any.whl.metadata (2.6 kB)
Collecting pycparser (from cffi>=2.0.0->cryptography>=43)
  Downloading http://pypi-mirror.modal.local:5555/simple/pycparser/pycparser-3.0-py3-none-any.whl.metadata (8.2 kB)
Collecting annotated-types>=0.6.0 (from pydantic>=2.9.0->fastapi>=0.115)
  Downloading http://pypi-mirror.modal.local:5555/simple/annotated-types/annotated_types-0.8.0-py3-none-any.whl.metadata (15 kB)
Collecting pydantic-core==2.46.5 (from pydantic>=2.9.0->fastapi>=0.115)
  Downloading http://pypi-mirror.modal.local:5555/simple/pydantic-core/pydantic_core-2.46.5-cp313-cp313-manylinux_2_17_x86_64.manylinux2014_x86_64.whl.metadata (6.6 kB)
Collecting markdown-it-py>=2.2.0 (from rich>=13.8.0->typer>=0.12)
  Downloading http://pypi-mirror.modal.local:5555/simple/markdown-it-py/markdown_it_py-4.2.0-py3-none-any.whl.metadata (7.4 kB)
Collecting pygments<3.0.0,>=2.13.0 (from rich>=13.8.0->typer>=0.12)
  Downloading http://pypi-mirror.modal.local:5555/simple/pygments/pygments-2.21.0-py3-none-any.whl.metadata (2.5 kB)
Collecting mdurl~=0.1 (from markdown-it-py>=2.2.0->rich>=13.8.0->typer>=0.12)
  Downloading http://pypi-mirror.modal.local:5555/simple/mdurl/mdurl-0.1.2-py3-none-any.whl.metadata (1.6 kB)
Collecting httptools>=0.8.0 (from uvicorn[standard]>=0.30)
  Downloading http://pypi-mirror.modal.local:5555/simple/httptools/httptools-0.8.0-cp313-cp313-manylinux1_x86_64.manylinux_2_28_x86_64.manylinux_2_5_x86_64.whl.metadata (3.5 kB)
Collecting python-dotenv>=0.13 (from uvicorn[standard]>=0.30)
  Downloading http://pypi-mirror.modal.local:5555/simple/python-dotenv/python_dotenv-1.2.3-py3-none-any.whl.metadata (29 kB)
Collecting pyyaml>=5.1 (from uvicorn[standard]>=0.30)
  Downloading http://pypi-mirror.modal.local:5555/simple/pyyaml/pyyaml-6.0.3-cp313-cp313-manylinux2014_x86_64.manylinux_2_17_x86_64.manylinux_2_28_x86_64.whl.metadata (2.4 kB)
Collecting uvloop>=0.15.1 (from uvicorn[standard]>=0.30)
  Downloading http://pypi-mirror.modal.local:5555/simple/uvloop/uvloop-0.22.1-cp313-cp313-manylinux2014_x86_64.manylinux_2_17_x86_64.manylinux_2_28_x86_64.whl.metadata (4.9 kB)
Collecting watchfiles>=0.20 (from uvicorn[standard]>=0.30)
  Downloading http://pypi-mirror.modal.local:5555/simple/watchfiles/watchfiles-1.2.0-cp313-cp313-manylinux_2_17_x86_64.manylinux2014_x86_64.whl.metadata (4.9 kB)
Collecting websockets>=13.0 (from uvicorn[standard]>=0.30)
  Downloading http://pypi-mirror.modal.local:5555/simple/websockets/websockets-17.1-cp313-cp313-manylinux1_x86_64.manylinux_2_28_x86_64.manylinux_2_5_x86_64.whl.metadata (6.3 kB)
Downloading http://pypi-mirror.modal.local:5555/simple/cryptography/cryptography-50.0.1-cp311-abi3-manylinux_2_34_x86_64.whl (4.7 MB)
   ━━━━━━━━━━━━━━━━━━━━━━━━━━━━━━━━━━━━━━━━ 4.7/4.7 MB 524.3 MB/s eta 0:00:00
Downloading http://pypi-mirror.modal.local:5555/simple/fastapi/fastapi-0.141.1-py3-none-any.whl (131 kB)
Downloading http://pypi-mirror.modal.local:5555/simple/httpx/httpx-0.28.1-py3-none-any.whl (73 kB)
Downloading http://pypi-mirror.modal.local:5555/simple/httpcore/httpcore-1.0.9-py3-none-any.whl (78 kB)
Downloading http://pypi-mirror.modal.local:5555/simple/numpy/numpy-2.5.3-cp313-cp313-manylinux_2_27_x86_64.manylinux_2_28_x86_64.whl (16.7 MB)
   ━━━━━━━━━━━━━━━━━━━━━━━━━━━━━━━━━━━━━━━━ 16.7/16.7 MB 174.1 MB/s eta 0:00:00
Downloading http://pypi-mirror.modal.local:5555/simple/opencv-python-headless/opencv_python_headless-5.0.0.93-cp37-abi3-manylinux_2_28_x86_64.whl (61.2 MB)
   ━━━━━━━━━━━━━━━━━━━━━━━━━━━━━━━━━━━━━━━━ 61.2/61.2 MB 183.5 MB/s eta 0:00:00
Downloading http://pypi-mirror.modal.local:5555/simple/typer/typer-0.27.2-py3-none-any.whl (123 kB)
Downloading http://pypi-mirror.modal.local:5555/simple/tzdata/tzdata-2026.3-py2.py3-none-any.whl (348 kB)
Downloading http://pypi-mirror.modal.local:5555/simple/uvicorn/uvicorn-0.52.4-py3-none-any.whl (79 kB)
Downloading http://pypi-mirror.modal.local:5555/simple/annotated-doc/annotated_doc-0.0.5-py3-none-any.whl (5.3 kB)
Downloading http://pypi-mirror.modal.local:5555/simple/cffi/cffi-2.1.1-cp313-cp313-manylinux2014_x86_64.manylinux_2_17_x86_64.whl (221 kB)
Downloading http://pypi-mirror.modal.local:5555/simple/click/click-8.5.0-py3-none-any.whl (125 kB)
Downloading http://pypi-mirror.modal.local:5555/simple/h11/h11-0.16.0-py3-none-any.whl (37 kB)
Downloading http://pypi-mirror.modal.local:5555/simple/pydantic/pydantic-2.13.5-py3-none-any.whl (472 kB)
Downloading http://pypi-mirror.modal.local:5555/simple/pydantic-core/pydantic_core-2.46.5-cp313-cp313-manylinux_2_17_x86_64.manylinux2014_x86_64.whl (2.1 MB)
   ━━━━━━━━━━━━━━━━━━━━━━━━━━━━━━━━━━━━━━━━ 2.1/2.1 MB 541.0 MB/s eta 0:00:00
Downloading http://pypi-mirror.modal.local:5555/simple/annotated-types/annotated_types-0.8.0-py3-none-any.whl (13 kB)
Downloading http://pypi-mirror.modal.local:5555/simple/rich/rich-15.0.0-py3-none-any.whl (310 kB)
Downloading http://pypi-mirror.modal.local:5555/simple/pygments/pygments-2.21.0-py3-none-any.whl (1.3 MB)
   ━━━━━━━━━━━━━━━━━━━━━━━━━━━━━━━━━━━━━━━━ 1.3/1.3 MB 670.8 MB/s eta 0:00:00
Downloading http://pypi-mirror.modal.local:5555/simple/markdown-it-py/markdown_it_py-4.2.0-py3-none-any.whl (91 kB)
Downloading http://pypi-mirror.modal.local:5555/simple/mdurl/mdurl-0.1.2-py3-none-any.whl (10.0 kB)
Downloading http://pypi-mirror.modal.local:5555/simple/shellingham/shellingham-1.5.4-py2.py3-none-any.whl (9.8 kB)
Downloading http://pypi-mirror.modal.local:5555/simple/starlette/starlette-1.6.0-py3-none-any.whl (75 kB)
Downloading http://pypi-mirror.modal.local:5555/simple/anyio/anyio-4.15.1-py3-none-any.whl (132 kB)
Downloading http://pypi-mirror.modal.local:5555/simple/idna/idna-3.19-py3-none-any.whl (68 kB)
Downloading http://pypi-mirror.modal.local:5555/simple/typing-extensions/typing_extensions-4.16.0-py3-none-any.whl (45 kB)
Downloading http://pypi-mirror.modal.local:5555/simple/typing-inspection/typing_inspection-0.4.4-py3-none-any.whl (14 kB)
Downloading http://pypi-mirror.modal.local:5555/simple/httptools/httptools-0.8.0-cp313-cp313-manylinux1_x86_64.manylinux_2_28_x86_64.manylinux_2_5_x86_64.whl (486 kB)
Downloading http://pypi-mirror.modal.local:5555/simple/python-dotenv/python_dotenv-1.2.3-py3-none-any.whl (22 kB)
Downloading http://pypi-mirror.modal.local:5555/simple/pyyaml/pyyaml-6.0.3-cp313-cp313-manylinux2014_x86_64.manylinux_2_17_x86_64.manylinux_2_28_x86_64.whl (801 kB)
   ━━━━━━━━━━━━━━━━━━━━━━━━━━━━━━━━━━━━━━━ 801.6/801.6 kB 440.0 MB/s eta 0:00:00
Downloading http://pypi-mirror.modal.local:5555/simple/uvloop/uvloop-0.22.1-cp313-cp313-manylinux2014_x86_64.manylinux_2_17_x86_64.manylinux_2_28_x86_64.whl (4.4 MB)
   ━━━━━━━━━━━━━━━━━━━━━━━━━━━━━━━━━━━━━━━━ 4.4/4.4 MB 285.9 MB/s eta 0:00:00
Downloading http://pypi-mirror.modal.local:5555/simple/watchfiles/watchfiles-1.2.0-cp313-cp313-manylinux_2_17_x86_64.manylinux2014_x86_64.whl (454 kB)
Downloading http://pypi-mirror.modal.local:5555/simple/websockets/websockets-17.1-cp313-cp313-manylinux1_x86_64.manylinux_2_28_x86_64.manylinux_2_5_x86_64.whl (224 kB)
Downloading http://pypi-mirror.modal.local:5555/simple/certifi/certifi-2026.7.22-py3-none-any.whl (136 kB)
Downloading http://pypi-mirror.modal.local:5555/simple/pycparser/pycparser-3.0-py3-none-any.whl (48 kB)
Installing collected packages: websockets, uvloop, tzdata, typing-extensions, shellingham, pyyaml, python-dotenv, pygments, pycparser, numpy, mdurl, idna, httptools, h11, click, certifi, annotated-types, annotated-doc, uvicorn, typing-inspection, pydantic-core, opencv-python-headless, markdown-it-py, httpcore, cffi, anyio, watchfiles, starlette, rich, pydantic, httpx, cryptography, typer, fastapi

Successfully installed annotated-doc-0.0.5 annotated-types-0.8.0 anyio-4.15.1 certifi-2026.7.22 cffi-2.1.1 click-8.5.0 cryptography-50.0.1 fastapi-0.141.1 h11-0.16.0 httpcore-1.0.9 httptools-0.8.0 httpx-0.28.1 idna-3.19 markdown-it-py-4.2.0 mdurl-0.1.2 numpy-2.5.3 opencv-python-headless-5.0.0.93 pycparser-3.0 pydantic-2.13.5 pydantic-core-2.46.5 pygments-2.21.0 python-dotenv-1.2.3 pyyaml-6.0.3 rich-15.0.0 shellingham-1.5.4 starlette-1.6.0 typer-0.27.2 typing-extensions-4.16.0 typing-inspection-0.4.4 tzdata-2026.3 uvicorn-0.52.4 uvloop-0.22.1 watchfiles-1.2.0 websockets-17.1

[notice] A new release of pip is available: 25.1.1 -> 26.2.1
[notice] To update, run: pip install --upgrade pip
Saving image...
Image saved, took 794.39ms

Built image im-lxTnvhq2ULoSUyO2k6ticc in 11.38s


Building image im-RTxlUiVK9lVjJr4dZ4235X

=> Step 0: FROM base

=> Step 1: ENV LOTTO_HOSTED=1

=> Step 2: ENV LOTTO_DATA_DIR=/data

=> Step 3: ENV PYTHONPATH=/root/app/src
Saving image...
Image saved, took 534.15ms

Built image im-RTxlUiVK9lVjJr4dZ4235X in 1.31s


✓ Created objects.
├── 🔨 Created mount C:\Users\Bryan\lottery-rng\modal_app.py
├── 🔨 Created mount C:\Users\Bryan\lottery-rng\data\eff_large_wordlist.txt
├── 🔨 Created mount C:\Users\Bryan\lottery-rng\src
└── 🔨 Created web function web => 
    https://lionheartcoder--entropylab-web.modal.run
✓ App deployed in 15.826s! 🎉

View Deployment: https://modal.com/apps/lionheartcoder/main/deployed/entropylab
